// Jest Snapshot v1, https://goo.gl/fbAQLP

exports[`Book should render without crashing 1`] = `
<styled.li>
  <styled.div>
    <cite>
      Bad Cat
    </cite>
  </styled.div>
  <styled.img
    alt="Cover of Bad Cat"
    src="https://books.google.com/books/content?id=74TaXzteRdQC&printsec=frontcover&img=1&zoom=5&edge=curl&source=gbs_api"
  />
  <div>
    <styled.p>
      Author(s):  
      Jim Edgar, James Jennings Edgar
    </styled.p>
    <styled.p>
      Publisher(s):  
      Workman Publishing
    </styled.p>
  </div>
  <div>
    <styled.button
      as="a"
      href="http://books.google.com/books?id=74TaXzteRdQC&dq=bad+cat&hl=&source=gbs_api"
      type="button"
    >
      Learn more
    </styled.button>
  </div>
</styled.li>
`;
