// Jest Snapshot v1, https://goo.gl/fbAQLP

exports[`Title should render without crashing 1`] = `
<header>
  <styled.h1>
    <span
      aria-label="book emoji"
      role="img"
    >
       📚 
    </span>
    Bookworm
    <span
      aria-label="bug emoji"
      role="img"
    >
       🐛 
    </span>
  </styled.h1>
</header>
`;
